ERROR: g-markup-error-quark 6
element 'class' requires attribute 'name'
