ERROR: gtk-builder-error-quark 3
<input>:3:1 'get-type' is not a valid attribute of <object>
