ERROR: gtk-builder-error-quark 1
Unhandled tag: <style>
